1a5c7c55665b5c207a98eb2a003b164de9641189
$ cargo test -p maxplayer-core --features wallet --lib -- --exact fee_remit::tests::a_reserve_that_grows_between_estimate_and_payment_is_refused_before_spending
warning: unused import: `PaymentState`
    --> crates/maxplayer-core/src/payment_wallet.rs:2334:9
     |
2334 |         PaymentState, ReceiptAuthority, ResultId,
     |         ^^^^^^^^^^^^
     |
     = note: `#[warn(unused_imports)]` (part of `#[warn(unused)]`) on by default

warning: constant `EMFILE_LEG_ENV` is never used
   --> crates/maxplayer-core/src/delivery_git.rs:667:11
    |
667 |     const EMFILE_LEG_ENV: &str = "MAXPLAYER_EMFILE_LEG";
    |           ^^^^^^^^^^^^^^
    |
    = note: `#[warn(dead_code)]` (part of `#[warn(unused)]`) on by default

warning: constant `EMFILE_FD_CEILING` is never used
   --> crates/maxplayer-core/src/delivery_git.rs:671:11
    |
671 |     const EMFILE_FD_CEILING: usize = 64;
    |           ^^^^^^^^^^^^^^^^^

warning: constant `EMFILE_DELIVERIES` is never used
   --> crates/maxplayer-core/src/delivery_git.rs:676:11
    |
676 |     const EMFILE_DELIVERIES: usize = 80;
    |           ^^^^^^^^^^^^^^^^^

warning: constant `RAISE_CHILD_ENV` is never used
    --> crates/maxplayer-core/src/buyer/mod.rs:3171:11
     |
3171 |     const RAISE_CHILD_ENV: &str = "MAXPLAYER_RAISE_NOFILE_CHILD";
     |           ^^^^^^^^^^^^^^^

warning: struct `AcceptDelivery` is never constructed
    --> crates/maxplayer-core/src/payment_wallet.rs:2340:12
     |
2340 |     struct AcceptDelivery;
     |            ^^^^^^^^^^^^^^

warning: function `git_delivery_for_key` is never used
    --> crates/maxplayer-core/src/payment_wallet.rs:4390:8
     |
4390 |     fn git_delivery_for_key(key: &PaymentKey) -> GitDelivery {
     |        ^^^^^^^^^^^^^^^^^^^^

warning: function `odd_secret_key` is never used
    --> crates/maxplayer-core/src/payment_wallet.rs:4495:8
     |
4495 |     fn odd_secret_key() -> SecretKey {
     |        ^^^^^^^^^^^^^^

warning: struct `NostrRecipientSend` is never constructed
    --> crates/maxplayer-core/src/payment_wallet.rs:4527:12
     |
4527 |     struct NostrRecipientSend;
     |            ^^^^^^^^^^^^^^^^^^

warning: fields `base_url_env`, `default_upstream`, `placeholder_prefix`, and `placeholder_random_len` are never read
    --> crates/maxplayer-core/src/seller_exec.rs:2518:5
     |
2514 | struct ContainedCred {
     |        ------------- fields in this struct
...
2518 |     base_url_env: &'static str,
     |     ^^^^^^^^^^^^
2519 |     /// The vendor default upstream, used when the operator set no `base_url_env`.
2520 |     default_upstream: &'static str,
     |     ^^^^^^^^^^^^^^^^
2521 |     /// The placeholder's vendor prefix (so a client that shape-validates locally does not refuse).
2522 |     placeholder_prefix: &'static str,
     |     ^^^^^^^^^^^^^^^^^^
2523 |     /// Random characters after the prefix, chosen to match the vendor credential's length.
2524 |     placeholder_random_len: usize,
     |     ^^^^^^^^^^^^^^^^^^^^^^

warning: `maxplayer-core` (lib test) generated 10 warnings (run `cargo fix --lib -p maxplayer-core --tests` to apply 1 suggestion)
    Finished `test` profile [unoptimized + debuginfo] target(s) in 0.10s
     Running unittests src/lib.rs (target/debug/deps/maxplayer_core-5299820283977d28)

running 1 test
test fee_remit::tests::a_reserve_that_grows_between_estimate_and_payment_is_refused_before_spending ... ok

test result: ok. 1 passed; 0 failed; 0 ignored; 0 measured; 1424 filtered out; finished in 0.01s

exit=0
