8baaf3bb25a839b356152a343358fc1126a54fbf
   Compiling maxplayer-core v0.5.7 (/Users/forge/forge/v2/wt/w-seller-fee-stage2a-remit/crates/maxplayer-core)
warning: unused import: `PaymentState`
    --> crates/maxplayer-core/src/payment_wallet.rs:2334:9
     |
2334 |         PaymentState, ReceiptAuthority, ResultId,
     |         ^^^^^^^^^^^^
     |
     = note: `#[warn(unused_imports)]` (part of `#[warn(unused)]`) on by default

warning: struct `AgentMessageCapture` is never constructed
   --> crates/maxplayer-core/src/engine.rs:246:19
    |
246 | pub(crate) struct AgentMessageCapture {
    |                   ^^^^^^^^^^^^^^^^^^^
    |
    = note: `#[warn(dead_code)]` (part of `#[warn(unused)]`) on by default

warning: methods `observe` and `into_last_message` are never used
   --> crates/maxplayer-core/src/engine.rs:255:19
    |
250 | impl AgentMessageCapture {
    | ------------------------ methods in this implementation
...
255 |     pub(crate) fn observe(&mut self, event: RunEvent<'_>) {
    |                   ^^^^^^^
...
268 |     pub(crate) fn into_last_message(self) -> Option<String> {
    |                   ^^^^^^^^^^^^^^^^^

warning: associated function `adopt` is never used
  --> crates/maxplayer-core/src/sandbox_netns.rs:75:8
   |
72 | impl NetnsHolder {
   | ---------------- associated function in this implementation
...
75 |     fn adopt(name: String) -> Self {
   |        ^^^^^

warning: function `job_diagnostics_dir` is never used
    --> crates/maxplayer-core/src/seller_exec.rs:1337:4
     |
1337 | fn job_diagnostics_dir(workdir: &Path) -> Option<PathBuf> {
     |    ^^^^^^^^^^^^^^^^^^^

warning: fields `base_url_env`, `default_upstream`, `placeholder_prefix`, and `placeholder_random_len` are never read
    --> crates/maxplayer-core/src/seller_exec.rs:2518:5
     |
2514 | struct ContainedCred {
     |        ------------- fields in this struct
...
2518 |     base_url_env: &'static str,
     |     ^^^^^^^^^^^^
2519 |     /// The vendor default upstream, used when the operator set no `base_url_env`.
2520 |     default_upstream: &'static str,
     |     ^^^^^^^^^^^^^^^^
2521 |     /// The placeholder's vendor prefix (so a client that shape-validates locally does not refuse).
2522 |     placeholder_prefix: &'static str,
     |     ^^^^^^^^^^^^^^^^^^
2523 |     /// Random characters after the prefix, chosen to match the vendor credential's length.
2524 |     placeholder_random_len: usize,
     |     ^^^^^^^^^^^^^^^^^^^^^^

warning: constant `EMFILE_LEG_ENV` is never used
   --> crates/maxplayer-core/src/delivery_git.rs:667:11
    |
667 |     const EMFILE_LEG_ENV: &str = "MAXPLAYER_EMFILE_LEG";
    |           ^^^^^^^^^^^^^^
    |
    = note: `#[warn(dead_code)]` (part of `#[warn(unused)]`) on by default

warning: constant `EMFILE_FD_CEILING` is never used
   --> crates/maxplayer-core/src/delivery_git.rs:671:11
    |
671 |     const EMFILE_FD_CEILING: usize = 64;
    |           ^^^^^^^^^^^^^^^^^

warning: constant `EMFILE_DELIVERIES` is never used
   --> crates/maxplayer-core/src/delivery_git.rs:676:11
    |
676 |     const EMFILE_DELIVERIES: usize = 80;
    |           ^^^^^^^^^^^^^^^^^

warning: constant `RAISE_CHILD_ENV` is never used
    --> crates/maxplayer-core/src/buyer/mod.rs:3171:11
     |
3171 |     const RAISE_CHILD_ENV: &str = "MAXPLAYER_RAISE_NOFILE_CHILD";
     |           ^^^^^^^^^^^^^^^

warning: struct `AcceptDelivery` is never constructed
    --> crates/maxplayer-core/src/payment_wallet.rs:2340:12
     |
2340 |     struct AcceptDelivery;
     |            ^^^^^^^^^^^^^^

warning: function `git_delivery_for_key` is never used
    --> crates/maxplayer-core/src/payment_wallet.rs:4390:8
     |
4390 |     fn git_delivery_for_key(key: &PaymentKey) -> GitDelivery {
     |        ^^^^^^^^^^^^^^^^^^^^

warning: function `odd_secret_key` is never used
    --> crates/maxplayer-core/src/payment_wallet.rs:4495:8
     |
4495 |     fn odd_secret_key() -> SecretKey {
     |        ^^^^^^^^^^^^^^

warning: struct `NostrRecipientSend` is never constructed
    --> crates/maxplayer-core/src/payment_wallet.rs:4527:12
     |
4527 |     struct NostrRecipientSend;
     |            ^^^^^^^^^^^^^^^^^^

warning: `maxplayer-core` (lib) generated 5 warnings
warning: `maxplayer-core` (lib test) generated 10 warnings (1 duplicate) (run `cargo fix --lib -p maxplayer-core --tests` to apply 1 suggestion)
    Finished `test` profile [unoptimized + debuginfo] target(s) in 10.69s
  Executable unittests src/lib.rs (target/debug/deps/maxplayer_core-5299820283977d28)
  Executable tests/acp_concurrency.rs (target/debug/deps/acp_concurrency-0a254720b15e90f1)
  Executable tests/collect_integrity.rs (target/debug/deps/collect_integrity-d228ebaddcf1465b)
  Executable tests/free_post_no_wallet.rs (target/debug/deps/free_post_no_wallet-7cfcd4fd97607e17)
  Executable tests/git_config_isolation.rs (target/debug/deps/git_config_isolation-82705a4f3e3809c4)
  Executable tests/hostile_local_git_config.rs (target/debug/deps/hostile_local_git_config-745a67540209ad05)
  Executable tests/no_system_git.rs (target/debug/deps/no_system_git-f7b151b0f5a85765)
  Executable tests/relay_git_http_auth.rs (target/debug/deps/relay_git_http_auth-c3553482e103af38)
  Executable tests/sandbox_netns_live.rs (target/debug/deps/sandbox_netns_live-fc7ede556c8c95fd)
exit=0
