a7c596849058be2c74227df42c45c36eaf837c6f
   Compiling maxplayer-core v0.5.7 (/Users/forge/forge/v2/wt/w-seller-fee-stage2a-remit/crates/maxplayer-core)
warning: unused import: `PaymentState`
    --> crates/maxplayer-core/src/payment_wallet.rs:2334:9
     |
2334 |         PaymentState, ReceiptAuthority, ResultId,
     |         ^^^^^^^^^^^^
     |
     = note: `#[warn(unused_imports)]` (part of `#[warn(unused)]`) on by default

warning: struct `AgentMessageCapture` is never constructed
   --> crates/maxplayer-core/src/engine.rs:246:19
    |
246 | pub(crate) struct AgentMessageCapture {
    |                   ^^^^^^^^^^^^^^^^^^^
    |
    = note: `#[warn(dead_code)]` (part of `#[warn(unused)]`) on by default

warning: methods `observe` and `into_last_message` are never used
   --> crates/maxplayer-core/src/engine.rs:255:19
    |
250 | impl AgentMessageCapture {
    | ------------------------ methods in this implementation
...
255 |     pub(crate) fn observe(&mut self, event: RunEvent<'_>) {
    |                   ^^^^^^^
...
268 |     pub(crate) fn into_last_message(self) -> Option<String> {
    |                   ^^^^^^^^^^^^^^^^^

warning: associated function `adopt` is never used
  --> crates/maxplayer-core/src/sandbox_netns.rs:75:8
   |
72 | impl NetnsHolder {
   | ---------------- associated function in this implementation
...
75 |     fn adopt(name: String) -> Self {
   |        ^^^^^

warning: function `job_diagnostics_dir` is never used
    --> crates/maxplayer-core/src/seller_exec.rs:1337:4
     |
1337 | fn job_diagnostics_dir(workdir: &Path) -> Option<PathBuf> {
     |    ^^^^^^^^^^^^^^^^^^^

warning: fields `base_url_env`, `default_upstream`, `placeholder_prefix`, and `placeholder_random_len` are never read
    --> crates/maxplayer-core/src/seller_exec.rs:2518:5
     |
2514 | struct ContainedCred {
     |        ------------- fields in this struct
...
2518 |     base_url_env: &'static str,
     |     ^^^^^^^^^^^^
2519 |     /// The vendor default upstream, used when the operator set no `base_url_env`.
2520 |     default_upstream: &'static str,
     |     ^^^^^^^^^^^^^^^^
2521 |     /// The placeholder's vendor prefix (so a client that shape-validates locally does not refuse).
2522 |     placeholder_prefix: &'static str,
     |     ^^^^^^^^^^^^^^^^^^
2523 |     /// Random characters after the prefix, chosen to match the vendor credential's length.
2524 |     placeholder_random_len: usize,
     |     ^^^^^^^^^^^^^^^^^^^^^^

warning: constant `EMFILE_LEG_ENV` is never used
   --> crates/maxplayer-core/src/delivery_git.rs:667:11
    |
667 |     const EMFILE_LEG_ENV: &str = "MAXPLAYER_EMFILE_LEG";
    |           ^^^^^^^^^^^^^^
    |
    = note: `#[warn(dead_code)]` (part of `#[warn(unused)]`) on by default

warning: constant `EMFILE_FD_CEILING` is never used
   --> crates/maxplayer-core/src/delivery_git.rs:671:11
    |
671 |     const EMFILE_FD_CEILING: usize = 64;
    |           ^^^^^^^^^^^^^^^^^

warning: constant `EMFILE_DELIVERIES` is never used
   --> crates/maxplayer-core/src/delivery_git.rs:676:11
    |
676 |     const EMFILE_DELIVERIES: usize = 80;
    |           ^^^^^^^^^^^^^^^^^

warning: constant `RAISE_CHILD_ENV` is never used
    --> crates/maxplayer-core/src/buyer/mod.rs:3171:11
     |
3171 |     const RAISE_CHILD_ENV: &str = "MAXPLAYER_RAISE_NOFILE_CHILD";
     |           ^^^^^^^^^^^^^^^

warning: struct `AcceptDelivery` is never constructed
    --> crates/maxplayer-core/src/payment_wallet.rs:2340:12
     |
2340 |     struct AcceptDelivery;
     |            ^^^^^^^^^^^^^^

warning: function `git_delivery_for_key` is never used
    --> crates/maxplayer-core/src/payment_wallet.rs:4390:8
     |
4390 |     fn git_delivery_for_key(key: &PaymentKey) -> GitDelivery {
     |        ^^^^^^^^^^^^^^^^^^^^

warning: function `odd_secret_key` is never used
    --> crates/maxplayer-core/src/payment_wallet.rs:4495:8
     |
4495 |     fn odd_secret_key() -> SecretKey {
     |        ^^^^^^^^^^^^^^

warning: struct `NostrRecipientSend` is never constructed
    --> crates/maxplayer-core/src/payment_wallet.rs:4527:12
     |
4527 |     struct NostrRecipientSend;
     |            ^^^^^^^^^^^^^^^^^^

warning: `maxplayer-core` (lib) generated 5 warnings
warning: `maxplayer-core` (lib test) generated 10 warnings (1 duplicate) (run `cargo fix --lib -p maxplayer-core --tests` to apply 1 suggestion)
    Finished `test` profile [unoptimized + debuginfo] target(s) in 10.60s
     Running unittests src/lib.rs (target/debug/deps/maxplayer_core-5299820283977d28)

running 3 tests
test fee_remit::tests::a_fee_bearing_total_that_exceeds_the_gross_by_the_fee_is_refused_before_any_swap_or_melt ... ok
test fee_remit::tests::fee_aware_planning_sizes_the_invoice_so_a_fee_bearing_payment_fits_without_reserve_slack ... FAILED
test fee_remit::tests::a_fee_bearing_mint_with_a_swap_required_layout_pays_once_and_the_wallet_loses_at_most_the_gross ... FAILED

failures:

---- fee_remit::tests::fee_aware_planning_sizes_the_invoice_so_a_fee_bearing_payment_fits_without_reserve_slack stdout ----

thread 'fee_remit::tests::fee_aware_planning_sizes_the_invoice_so_a_fee_bearing_payment_fits_without_reserve_slack' (77952781) panicked at crates/maxplayer-core/src/fee_remit.rs:4731:13:
missing "invoice amount (maxplayer@agi.cash receives): 14 sats" in:
Recent attempts: none journaled yet
Accrued platform fee: 20 sats all-time — 0 sats remitted, 20 sats unremitted
Destination: maxplayer@agi.cash (LNURL-pay; accepts 1 to 1000000 sats)
Plan:
  unremitted platform fee (gross): 20 sats
  mint melt fee reserve (ceiling): 2 sats — taken out of the gross, never on top
  invoice amount (maxplayer@agi.cash receives): 13 sats
  leaves your wallet: at most 20 sats (≤ 20); unused reserve returns as change
  expected proof fees (SDK estimate, bounded exactly at payment): 5 sats; actual proof input fee the SDK recomputes on the swapped proofs: 3 sats ⇒ worst case 19 sats leaves the wallet (≤ 20)
  mint: https://mint.example (melt quote quote-lnbc-fake-13-2)
  invoice payment hash: hash-13-2
DRY RUN — nothing moved. Re-run with --confirm to pay 13 sats to maxplayer@agi.cash.

note: run with `RUST_BACKTRACE=1` environment variable to display a backtrace

---- fee_remit::tests::a_fee_bearing_mint_with_a_swap_required_layout_pays_once_and_the_wallet_loses_at_most_the_gross stdout ----

thread 'fee_remit::tests::a_fee_bearing_mint_with_a_swap_required_layout_pays_once_and_the_wallet_loses_at_most_the_gross' (77952779) panicked at crates/maxplayer-core/src/fee_remit.rs:4553:9:
Recent attempts: none journaled yet
Accrued platform fee: 20 sats all-time — 0 sats remitted, 20 sats unremitted
Destination: maxplayer@agi.cash (LNURL-pay; accepts 1 to 1000000 sats)
Plan:
  unremitted platform fee (gross): 20 sats
  mint melt fee reserve (ceiling): 3 sats — taken out of the gross, never on top
  invoice amount (maxplayer@agi.cash receives): 12 sats
  leaves your wallet: at most 20 sats (≤ 20); unused reserve returns as change
  expected proof fees (SDK estimate, bounded exactly at payment): 5 sats; actual proof input fee the SDK recomputes on the swapped proofs: 3 sats ⇒ worst case 19 sats leaves the wallet (≤ 20)
  mint: https://mint.example (melt quote quote-lnbc-fake-12-2)
  invoice payment hash: hash-12-2
Journaled remittance hash-12-2 covering 2 receipts (owner fake-owner, lease until unix 400); paying...
Payment quote paid-quote-lnbc-fake-12-2 raised at mint https://mint.example for 12 sats (fee reserve 0 sats, expires unix 18446744073709551615); fits the ceiling of 20 sats
REFUSED before spending — melt refused before spending: the wallet would swap to 14 sats ([8, 4, 2]) for quote paid-quote-lnbc-fake-12-2 and the mint's actual proof input fee on those proofs is 3 sats (prepared estimate 2 sats at 1000 ppk), so 12 sats invoice + 0 sats fee reserve + 3 sats would need 15 sats and the SDK would refuse AFTER paying the 1 sats swap fee; the prepared melt was cancelled before any fee-bearing request.
  A seller never pays more than it accrued: the ceiling is 20 sats, enforced against the quote the mint raised for the payment. Nothing left the wallet; released 20 sats back to unremitted. The next attempt re-quotes.



failures:
    fee_remit::tests::a_fee_bearing_mint_with_a_swap_required_layout_pays_once_and_the_wallet_loses_at_most_the_gross
    fee_remit::tests::fee_aware_planning_sizes_the_invoice_so_a_fee_bearing_payment_fits_without_reserve_slack

test result: FAILED. 1 passed; 2 failed; 0 ignored; 0 measured; 1420 filtered out; finished in 0.02s

error: test failed, to rerun pass `-p maxplayer-core --lib`
exit=101
