1236efc1b6e4ef86d003adeecb8108583e244bf6
   Compiling maxplayer-core v0.5.7 (/Users/forge/forge/v2/wt/w-seller-fee-stage2a-remit/crates/maxplayer-core)
warning: struct `AgentMessageCapture` is never constructed
   --> crates/maxplayer-core/src/engine.rs:246:19
    |
246 | pub(crate) struct AgentMessageCapture {
    |                   ^^^^^^^^^^^^^^^^^^^
    |
    = note: `#[warn(dead_code)]` (part of `#[warn(unused)]`) on by default

warning: methods `observe` and `into_last_message` are never used
   --> crates/maxplayer-core/src/engine.rs:255:19
    |
250 | impl AgentMessageCapture {
    | ------------------------ methods in this implementation
...
255 |     pub(crate) fn observe(&mut self, event: RunEvent<'_>) {
    |                   ^^^^^^^
...
268 |     pub(crate) fn into_last_message(self) -> Option<String> {
    |                   ^^^^^^^^^^^^^^^^^

warning: associated function `adopt` is never used
  --> crates/maxplayer-core/src/sandbox_netns.rs:75:8
   |
72 | impl NetnsHolder {
   | ---------------- associated function in this implementation
...
75 |     fn adopt(name: String) -> Self {
   |        ^^^^^

warning: function `job_diagnostics_dir` is never used
    --> crates/maxplayer-core/src/seller_exec.rs:1337:4
     |
1337 | fn job_diagnostics_dir(workdir: &Path) -> Option<PathBuf> {
     |    ^^^^^^^^^^^^^^^^^^^

warning: fields `base_url_env`, `default_upstream`, `placeholder_prefix`, and `placeholder_random_len` are never read
    --> crates/maxplayer-core/src/seller_exec.rs:2518:5
     |
2514 | struct ContainedCred {
     |        ------------- fields in this struct
...
2518 |     base_url_env: &'static str,
     |     ^^^^^^^^^^^^
2519 |     /// The vendor default upstream, used when the operator set no `base_url_env`.
2520 |     default_upstream: &'static str,
     |     ^^^^^^^^^^^^^^^^
2521 |     /// The placeholder's vendor prefix (so a client that shape-validates locally does not refuse).
2522 |     placeholder_prefix: &'static str,
     |     ^^^^^^^^^^^^^^^^^^
2523 |     /// Random characters after the prefix, chosen to match the vendor credential's length.
2524 |     placeholder_random_len: usize,
     |     ^^^^^^^^^^^^^^^^^^^^^^

warning: unused import: `PaymentState`
    --> crates/maxplayer-core/src/payment_wallet.rs:2334:9
     |
2334 |         PaymentState, ReceiptAuthority, ResultId,
     |         ^^^^^^^^^^^^
     |
     = note: `#[warn(unused_imports)]` (part of `#[warn(unused)]`) on by default

warning: `maxplayer-core` (lib) generated 5 warnings
warning: constant `EMFILE_LEG_ENV` is never used
   --> crates/maxplayer-core/src/delivery_git.rs:667:11
    |
667 |     const EMFILE_LEG_ENV: &str = "MAXPLAYER_EMFILE_LEG";
    |           ^^^^^^^^^^^^^^
    |
    = note: `#[warn(dead_code)]` (part of `#[warn(unused)]`) on by default

warning: constant `EMFILE_FD_CEILING` is never used
   --> crates/maxplayer-core/src/delivery_git.rs:671:11
    |
671 |     const EMFILE_FD_CEILING: usize = 64;
    |           ^^^^^^^^^^^^^^^^^

warning: constant `EMFILE_DELIVERIES` is never used
   --> crates/maxplayer-core/src/delivery_git.rs:676:11
    |
676 |     const EMFILE_DELIVERIES: usize = 80;
    |           ^^^^^^^^^^^^^^^^^

warning: constant `RAISE_CHILD_ENV` is never used
    --> crates/maxplayer-core/src/buyer/mod.rs:3171:11
     |
3171 |     const RAISE_CHILD_ENV: &str = "MAXPLAYER_RAISE_NOFILE_CHILD";
     |           ^^^^^^^^^^^^^^^

warning: struct `AcceptDelivery` is never constructed
    --> crates/maxplayer-core/src/payment_wallet.rs:2340:12
     |
2340 |     struct AcceptDelivery;
     |            ^^^^^^^^^^^^^^

warning: function `git_delivery_for_key` is never used
    --> crates/maxplayer-core/src/payment_wallet.rs:4390:8
     |
4390 |     fn git_delivery_for_key(key: &PaymentKey) -> GitDelivery {
     |        ^^^^^^^^^^^^^^^^^^^^

warning: function `odd_secret_key` is never used
    --> crates/maxplayer-core/src/payment_wallet.rs:4495:8
     |
4495 |     fn odd_secret_key() -> SecretKey {
     |        ^^^^^^^^^^^^^^

warning: struct `NostrRecipientSend` is never constructed
    --> crates/maxplayer-core/src/payment_wallet.rs:4527:12
     |
4527 |     struct NostrRecipientSend;
     |            ^^^^^^^^^^^^^^^^^^

warning: `maxplayer-core` (lib test) generated 10 warnings (1 duplicate) (run `cargo fix --lib -p maxplayer-core --tests` to apply 1 suggestion)
    Finished `test` profile [unoptimized + debuginfo] target(s) in 5.29s
     Running unittests src/lib.rs (target/debug/deps/maxplayer_core-5299820283977d28)

running 79 tests
test authorize_pay::tests::direct_swap_input_fee_must_not_bypass_the_per_job_cap ... ok
test crossmint::tests::planned_cost_counts_melt_amount_fee_reserve_and_input_fee ... ok
test crossmint_hop::tests::authorized_hop_cost_adds_multiplier_times_the_mint_fee_reserve ... ok
test fee_remit::tests::a_balance_under_the_threshold_or_at_zero_neither_escalates_nor_resets_the_backoff ... ok
test env_provision::tests::every_refusal_has_execution_failed_unprovisionable_feedback ... ok
test crossmint_hop::tests::a_replacement_quote_within_the_fee_buffer_proceeds ... ok
test crossmint_hop::tests::a_zero_fee_buffer_makes_the_within_buffer_replacement_refuse ... ok
test crossmint_hop::tests::hop_reconciles_the_unused_fee_reserve_when_the_actual_fee_is_lower ... ok
test crossmint_hop::tests::hop_credits_nothing_when_the_actual_fee_equals_the_reserve ... ok
test crossmint_hop::tests::a_replacement_quote_above_the_fee_buffer_refuses_naming_the_recorded_ceiling ... ok
test fee_remit::tests::a_spending_row_is_never_released_by_reconciliation_only_settled ... ok
test engine::tests::run_job_feeds_the_capture_the_agents_last_message ... ok
test budget::tests::hop_fee_reserve_credit_reconciles_spent_to_real_outlay_durably_and_at_most_once ... ok
test fee_remit::tests::a_fee_bearing_total_that_exceeds_the_gross_by_the_fee_is_refused_before_any_swap_or_melt ... ok
test fee_remit::tests::a_reconciliation_that_cannot_reach_the_mint_leaves_the_row_planned ... ok
test fee_remit::tests::a_fee_bearing_schedule_whose_prepared_figures_fit_but_post_swap_arithmetic_does_not_is_refused_before_the_fence ... ok
test fee_remit::tests::a_fee_bearing_payment_whose_prepared_input_fee_differs_from_the_actual_pays_once_and_the_wallet_loses_at_most_the_gross ... ok
test fee_remit::tests::a_reserve_that_grows_between_estimate_and_payment_is_refused_before_spending ... ok
test fee_remit::tests::above_the_resolved_maximum_is_refused ... ok
test fee_remit::tests::a_zero_fee_reserve_invoices_the_gross_once ... ok
test fee_remit::tests::a_bound_quote_expired_past_the_margin_is_held_and_its_owner_refuses_to_pay_it ... ok
test fee_remit::tests::a_payment_prepared_before_expiry_cannot_be_doubled_by_a_release_after_it ... ok
test fee_remit::tests::a_spending_row_is_reconciled_by_its_bound_quote_not_by_an_expired_estimate ... ok
test fee_remit::tests::a_second_process_cannot_release_a_live_owners_planned_row_and_exactly_one_debit_happens ... ok
test fee_remit::tests::a_spending_row_is_not_released_when_its_lease_expires_and_its_owner_pays_exactly_once ... ok
test fee_remit::tests::a_fee_reserve_that_leaves_too_little_or_nothing_is_refused_and_journaled ... ok
test fee_remit::tests::full_jitter_stays_inside_zero_to_computed ... ok
test fee_remit::tests::dry_run_prints_the_plan_and_moves_nothing ... ok
test fee_remit::tests::best_effort_catches_a_failed_attempt_and_leaves_the_balance_intact ... ok
test fee_remit::tests::reconciliation_releases_only_terminal_quotes_own_rows_or_expired_leases ... ok
test fee_remit::tests::retry_backoff_doubles_from_base_caps_at_thirty_minutes_and_resets_on_success ... ok
test fee_remit::tests::fees_that_can_never_fit_are_refused_at_planning_not_at_payment ... ok
test fee_remit::tests::retry_backoff_honours_explicit_bounds ... ok
test fee_remit::tests::the_boot_delay_is_never_less_than_the_base_and_at_most_twice_it ... ok
test fee_remit::tests::single_flight_admits_one_attempt_and_frees_the_slot_on_drop ... ok
test fee_remit::tests::the_fake_wallet_models_the_sdks_proof_input_and_swap_fees_and_the_total_bound_refuses_them ... ok
test fee_remit::tests::fee_aware_planning_sizes_the_invoice_so_a_fee_bearing_payment_fits_without_reserve_slack ... ok
test home::tests::hop_fee_buffer_multiplier_defaults_to_two_and_zero_is_exact ... ok
test payment_wallet::tests::amount_covers_fee_refuses_dust_and_accepts_fee_plus_one ... ok
test home::tests::platform_fee_auto_remit_defaults_on_and_the_switch_cannot_touch_rate_or_address ... ok
test fee_remit::tests::confirm_pays_once_takes_the_fee_out_of_the_gross_and_is_idempotent ... ok
test fee_remit::tests::an_owner_paused_after_its_quote_and_past_its_lease_is_released_and_never_pays_that_quote ... ok
test fee_remit::tests::an_owner_that_outlives_its_lease_is_released_and_its_fence_then_changes_zero_rows ... ok
test platform_fee::tests::a_large_amount_that_would_overflow_u64_arithmetic_is_computed_exactly ... ok
test platform_fee::tests::a_one_sat_payment_at_two_percent_owes_a_fee_of_zero_and_is_not_an_error ... ok
test platform_fee::tests::a_rate_above_the_whole_is_clamped_to_the_whole_amount ... ok
test platform_fee::tests::bps_render_as_the_percentage_a_seller_reads ... ok
test platform_fee::tests::fractional_rates_round_down_per_payment ... ok
test platform_fee::tests::kept_is_face_minus_mint_fee_minus_platform_fee_and_never_negative ... ok
test platform_fee::tests::one_hundred_percent_takes_the_whole_amount ... ok
test platform_fee::tests::the_shipped_destination_is_the_ordered_lightning_address ... ok
test platform_fee::tests::the_shipped_rate_is_ten_percent_and_within_the_whole ... ok
test platform_fee::tests::two_percent_of_one_hundred_sats_is_two_sats ... ok
test platform_fee::tests::zero_basis_points_takes_nothing ... ok
test fee_remit::tests::below_the_resolved_minimum_refuses_with_the_shortfall_and_journals_nothing ... ok
test fee_remit::tests::interrupted_after_the_plan_is_reconciled_as_paid_without_a_second_melt ... ok
test fee_remit::tests::an_owner_whose_lease_ran_down_while_it_paused_is_refused_by_its_own_fence ... ok
test seller_node::run::tests::execution_failure_feedback_is_a_buyer_addressed_error ... ok
test seller_node::run::tests::feedback_rides_the_authoritative_reason_code_tag ... ok
test fee_remit::tests::a_release_decided_on_a_stale_planned_snapshot_cannot_revoke_a_later_admission ... ok
test buyer::tests::the_watcher_wakes_on_both_results_and_feedback ... ok
test seller_node::run::tests::under_rate_feedback_only_for_targeted_under_rate_rate_gate ... ok
test fee_remit::tests::an_unpaid_or_pending_interrupted_attempt_is_reconciled_without_paying_twice ... ok
test fee_remit::tests::recent_attempts_are_newest_first_and_bounded ... ok
test seller_node::run::tests::platform_fee_is_charged_on_the_offer_face_not_the_wallet_net ... ok
test wallet_ops::tests::a_melt_ceiling_bounds_the_total_debit_including_proof_input_and_swap_fees ... ok
test seller_node::store::tests::collect_receipt_journals_the_fee_in_the_same_row_and_accrued_fees_sums_it ... ok
test seller_node::run::tests::a_collected_job_records_the_platform_fee_constant_and_the_sats_it_implies ... ok
test seller_node::store::tests::a_v8_store_migrates_to_v9_and_reads_no_mint_fee_rather_than_zero ... ok
test seller_node::store::tests::a_store_from_before_the_fee_columns_migrates_and_reads_zero ... ok
test payment_wallet::tests::seller_receive_returns_face_when_net_plus_fee_matches ... ok
test payment_wallet::tests::seller_receive_detailed_returns_face_and_the_mint_fee_beside_it ... ok
test payment_wallet::tests::seller_receive_surfaces_fee_mismatch_without_treating_as_underpay ... ok
test fee_remit::tests::a_spending_rows_bound_quote_decides_its_release_on_the_full_path ... ok
test fee_remit::tests::two_racing_attempts_against_the_same_balance_record_exactly_one_remittance ... ok
test payment_wallet::tests::is_mint_unreachable_classifies_502_through_fee_and_preflight_bridge ... ok
test seller_node::run::tests::a_requested_shutdown_ends_the_platform_fee_retries ... ok
test seller_node::run::tests::distinct_under_rate_offers_each_get_their_own_feedback ... ok
test seller_node::run::tests::under_rate_feedback_emitted_once_across_backfill_re_ingest ... ok

test result: ok. 79 passed; 0 failed; 0 ignored; 0 measured; 1345 filtered out; finished in 21.90s

     Running tests/acp_concurrency.rs (target/debug/deps/acp_concurrency-0a254720b15e90f1)

running 0 tests

test result: ok. 0 passed; 0 failed; 0 ignored; 0 measured; 0 filtered out; finished in 0.00s

     Running tests/collect_integrity.rs (target/debug/deps/collect_integrity-d228ebaddcf1465b)

running 0 tests

test result: ok. 0 passed; 0 failed; 0 ignored; 0 measured; 8 filtered out; finished in 0.00s

     Running tests/free_post_no_wallet.rs (target/debug/deps/free_post_no_wallet-7cfcd4fd97607e17)

running 0 tests

test result: ok. 0 passed; 0 failed; 0 ignored; 0 measured; 1 filtered out; finished in 0.00s

     Running tests/git_config_isolation.rs (target/debug/deps/git_config_isolation-82705a4f3e3809c4)

running 0 tests

test result: ok. 0 passed; 0 failed; 0 ignored; 0 measured; 1 filtered out; finished in 0.00s

     Running tests/hostile_local_git_config.rs (target/debug/deps/hostile_local_git_config-745a67540209ad05)

running 0 tests

test result: ok. 0 passed; 0 failed; 0 ignored; 0 measured; 1 filtered out; finished in 0.00s

     Running tests/no_system_git.rs (target/debug/deps/no_system_git-f7b151b0f5a85765)

running 0 tests

test result: ok. 0 passed; 0 failed; 0 ignored; 0 measured; 1 filtered out; finished in 0.00s

     Running tests/relay_git_http_auth.rs (target/debug/deps/relay_git_http_auth-c3553482e103af38)

running 0 tests

test result: ok. 0 passed; 0 failed; 0 ignored; 0 measured; 2 filtered out; finished in 0.00s

     Running tests/sandbox_netns_live.rs (target/debug/deps/sandbox_netns_live-fc7ede556c8c95fd)

running 0 tests

test result: ok. 0 passed; 0 failed; 0 ignored; 0 measured; 0 filtered out; finished in 0.00s

exit=0
